0x00000100 : 0x00000001 (1)
0x00000104 : 0x00000005 (5)
0x00000108 : 0x00000009 (9)
0x0000010C : 0x0000000D (13)
0x00000110 : 0x00000011 (17)
0x00000114 : 0x00000015 (21)
0x00000118 : 0x00000019 (25)
0x0000011C : 0x0000001D (29)
0x00000200 : 0x0000000A (10)
0x00000204 : 0x0000000E (14)
0x00000208 : 0x00000012 (18)
0x0000020C : 0x00000016 (22)
0x00000210 : 0x0000001A (26)
0x00000214 : 0x0000001E (30)
0x00000218 : 0x00000022 (34)
0x0000021C : 0x00000026 (38)
0x00000300 : 0x00000014 (20)
0x00000304 : 0x00000018 (24)
0x00000308 : 0x0000001C (28)
0x0000030C : 0x00000020 (32)
0x00000310 : 0x00000024 (36)
0x00000314 : 0x00000028 (40)
0x00000318 : 0x0000002C (44)
0x0000031C : 0x00000030 (48)
